[    1043ms] [WARNING] Caught a recoverable error. The site is still functional, but might have some UI flickering or degraded page load performance. If you are the author of this website, update external components and check recently added custom code or code overrides to fix the following server/client mismatches:
 Error: Minified React error #425; visit https://reactjs.org/docs/error-decoder.html?invariant=425 for the full message or use the non-minified dev environment for full errors and additional helpful warnings.
    at Ri (https://framerusercontent.com/sites/68LnKj4yM6LXDEnCQgZGbG/react.BTaAT02m.mjs:6:68)
    at fs (https://framerusercontent.com/sites/68LnKj4yM6LXDEnCQgZGbG/react.BTaAT02m.mjs:8:14044)
    at nc (https://framerusercontent.com/sites/68LnKj4yM6LXDEnCQgZGbG/react.BTaAT02m.mjs:8:37372)
    at tc (https://framerusercontent.com/sites/68LnKj4yM6LXDEnCQgZGbG/react.BTaAT02m.mjs:8:37134)
    at ec (https://framerusercontent.com/sites/68LnKj4yM6LXDEnCQgZGbG/react.BTaAT02m.mjs:8:37046)
    at zs (https://framerusercontent.com/sites/68LnKj4yM6LXDEnCQgZGbG/react.BTaAT02m.mjs:8:32130)
    at Et (https://framerusercontent.com/sites/68LnKj4yM6LXDEnCQgZGbG/react.BTaAT02m.mjs:1:10709)
    at MessagePort.Ot (https://framerusercontent.com/sites/68LnKj4yM6LXDEnCQgZGbG/react.BTaAT02m.mjs:1:11064) 
    at style
    at div
    at tt (https://framerusercontent.com/sites/68LnKj4yM6LXDEnCQgZGbG/TqsmVY_L3fA52iSj7_Hm3jlNie6Qwol09TIzqmJ5xpg.ijV2Aca4.mjs:1:16814)
    at nt (https://framerusercontent.com/sites/68LnKj4yM6LXDEnCQgZGbG/TqsmVY_L3fA52iSj7_Hm3jlNie6Qwol09TIzqmJ5xpg.ijV2Aca4.mjs:1:18930)
    at ow (https://framerusercontent.com/sites/68LnKj4yM6LXDEnCQgZGbG/framer.BqH2CYDX.mjs:925:678)
    at Suspense
    at Yl (https://framerusercontent.com/sites/68LnKj4yM6LXDEnCQgZGbG/framer.BqH2CYDX.mjs:49:74046)
    at tu (https://framerusercontent.com/sites/68LnKj4yM6LXDEnCQgZGbG/framer.BqH2CYDX.mjs:49:74710)
    at eu (https://framerusercontent.com/sites/68LnKj4yM6LXDEnCQgZGbG/framer.BqH2CYDX.mjs:49:74572)
    at af (https://framerusercontent.com/sites/68LnKj4yM6LXDEnCQgZGbG/motion.B7jOk-rG.mjs:9:70899)
    at qa (https://framerusercontent.com/sites/68LnKj4yM6LXDEnCQgZGbG/framer.BqH2CYDX.mjs:49:28130)
    at div
    at c (https://framerusercontent.com/sites/68LnKj4yM6LXDEnCQgZGbG/motion.B7jOk-rG.mjs:9:5742)
    at https://framerusercontent.com/sites/68LnKj4yM6LXDEnCQgZGbG/framer.BqH2CYDX.mjs:925:1367
    at https://framerusercontent.com/sites/68LnKj4yM6LXDEnCQgZGbG/framer.BqH2CYDX.mjs:918:26573
    at https://framerusercontent.com/sites/68LnKj4yM6LXDEnCQgZGbG/framer.BqH2CYDX.mjs:918:26386
    at div
    at div
    at div
    at div
    at div
    at c (https://framerusercontent.com/sites/68LnKj4yM6LXDEnCQgZGbG/motion.B7jOk-rG.mjs:9:5742)
    at div
    at c (https://framerusercontent.com/sites/68LnKj4yM6LXDEnCQgZGbG/motion.B7jOk-rG.mjs:9:5742)
    at af (https://framerusercontent.com/sites/68LnKj4yM6LXDEnCQgZGbG/motion.B7jOk-rG.mjs:9:70899)
    at https://framerusercontent.com/sites/68LnKj4yM6LXDEnCQgZGbG/TqsmVY_L3fA52iSj7_Hm3jlNie6Qwol09TIzqmJ5xpg.ijV2Aca4.mjs:42:3321
    at https://framerusercontent.com/sites/68LnKj4yM6LXDEnCQgZGbG/framer.BqH2CYDX.mjs:80:45757
    at https://framerusercontent.com/sites/68LnKj4yM6LXDEnCQgZGbG/framer.BqH2CYDX.mjs:3:1056
    at Pe (https://framerusercontent.com/sites/68LnKj4yM6LXDEnCQgZGbG/script_main.WU00iO-a.mjs:1:4279)
    at Hf (https://framerusercontent.com/sites/68LnKj4yM6LXDEnCQgZGbG/framer.BqH2CYDX.mjs:51:9478)
    at Zy (https://framerusercontent.com/sites/68LnKj4yM6LXDEnCQgZGbG/framer.BqH2CYDX.mjs:80:6202)
    at Suspense
    at Yl (https://framerusercontent.com/sites/68LnKj4yM6LXDEnCQgZGbG/framer.BqH2CYDX.mjs:49:74046)
    at tw (https://framerusercontent.com/sites/68LnKj4yM6LXDEnCQgZGbG/framer.BqH2CYDX.mjs:918:26672)
    at Yd (https://framerusercontent.com/sites/68LnKj4yM6LXDEnCQgZGbG/framer.BqH2CYDX.mjs:49:95913)
    at si (https://framerusercontent.com/sites/68LnKj4yM6LXDEnCQgZGbG/framer.BqH2CYDX.mjs:49:7997)
    at https://framerusercontent.com/sites/68LnKj4yM6LXDEnCQgZGbG/framer.BqH2CYDX.mjs:925:2419
    at https://framerusercontent.com/sites/68LnKj4yM6LXDEnCQgZGbG/framer.BqH2CYDX.mjs:80:45757
    at kt (https://framerusercontent.com/sites/68LnKj4yM6LXDEnCQgZGbG/framer.BqH2CYDX.mjs:3:3254)
    at Vf (https://framerusercontent.com/sites/68LnKj4yM6LXDEnCQgZGbG/framer.BqH2CYDX.mjs:51:3067)
    at Sf (https://framerusercontent.com/sites/68LnKj4yM6LXDEnCQgZGbG/framer.BqH2CYDX.mjs:49:100791)
    at GT (https://framerusercontent.com/sites/68LnKj4yM6LXDEnCQgZGbG/framer.BqH2CYDX.mjs:925:16410)
    at Qf (https://framerusercontent.com/sites/68LnKj4yM6LXDEnCQgZGbG/framer.BqH2CYDX.mjs:51:11220)
    at yn (https://framerusercontent.com/sites/68LnKj4yM6LXDEnCQgZGbG/framer.BqH2CYDX.mjs:7:9178)
    at oa (https://framerusercontent.com/sites/68LnKj4yM6LXDEnCQgZGbG/motion.B7jOk-rG.mjs:9:1423)
    at $r (https://framerusercontent.com/sites/68LnKj4yM6LXDEnCQgZGbG/framer.BqH2CYDX.mjs:49:7423)
    at $f (https://framerusercontent.com/sites/68LnKj4yM6LXDEnCQgZGbG/framer.BqH2CYDX.mjs:51:11311)
    at Nw (https://framerusercontent.com/sites/68LnKj4yM6LXDEnCQgZGbG/framer.BqH2CYDX.mjs:925:5699)
    at or (https://framerusercontent.com/sites/68LnKj4yM6LXDEnCQgZGbG/framer.BqH2CYDX.mjs:7:16560) @ https://framerusercontent.com/sites/68LnKj4yM6LXDEnCQgZGbG/script_main.WU00iO-a.mjs:0
[    1044ms] [WARNING] Caught a recoverable error. The site is still functional, but might have some UI flickering or degraded page load performance. If you are the author of this website, update external components and check recently added custom code or code overrides to fix the following server/client mismatches:
 Error: Minified React error #422; visit https://reactjs.org/docs/error-decoder.html?invariant=422 for the full message or use the non-minified dev environment for full errors and additional helpful warnings.
    at is (https://framerusercontent.com/sites/68LnKj4yM6LXDEnCQgZGbG/react.BTaAT02m.mjs:8:8255)
    at ts (https://framerusercontent.com/sites/68LnKj4yM6LXDEnCQgZGbG/react.BTaAT02m.mjs:8:7196)
    at cp (https://framerusercontent.com/sites/68LnKj4yM6LXDEnCQgZGbG/react.BTaAT02m.mjs:8:68465)
    at tc (https://framerusercontent.com/sites/68LnKj4yM6LXDEnCQgZGbG/react.BTaAT02m.mjs:8:37073)
    at ec (https://framerusercontent.com/sites/68LnKj4yM6LXDEnCQgZGbG/react.BTaAT02m.mjs:8:37046)
    at zs (https://framerusercontent.com/sites/68LnKj4yM6LXDEnCQgZGbG/react.BTaAT02m.mjs:8:32130)
    at Et (https://framerusercontent.com/sites/68LnKj4yM6LXDEnCQgZGbG/react.BTaAT02m.mjs:1:10709)
    at MessagePort.Ot (https://framerusercontent.com/sites/68LnKj4yM6LXDEnCQgZGbG/react.BTaAT02m.mjs:1:11064) null @ https://framerusercontent.com/sites/68LnKj4yM6LXDEnCQgZGbG/script_main.WU00iO-a.mjs:0
[    3555ms] [LOG] [Framer On-Page Editing] Unavailable because not on a `framer.app` subdomain and access status is no-auth @ https://app.framerstatic.com/editorbar.OQRX4A5Z.mjs:0
